// Jest Snapshot v1, https://goo.gl/fbAQLP

exports[`Complexity Game Section should create a section 1`] = `
<section>
  <span
    class=""
  >
    Game complexity: 
  </span>
  <select
    id="gameComplexity"
  >
    <option
      value="1"
    >
      Three weapons
    </option>
    <option
      value="2"
    >
      Five weapons
    </option>
  </select>
</section>
`;
